// Jest Snapshot v1, https://goo.gl/fbAQLP

exports[`Lists component renders the UI as expected with Snapshot 1`] = `
<section
  className="List"
>
  <header
    className="List-header"
  >
    <h3 />
  </header>
  <div
    className="List-cards"
  >
    <div
      className="Card"
    >
      <button
        type="button"
      >
        delete
      </button>
      <h3>
        First card
      </h3>
      <p>
        lorem ipsum
      </p>
    </div>
    <div
      className="Card"
    >
      <button
        type="button"
      >
        delete
      </button>
      <h3>
        Second card
      </h3>
      <p>
        lorem ipsum
      </p>
    </div>
    <div
      className="Card"
    >
      <button
        type="button"
      >
        delete
      </button>
      <h3>
        Third card
      </h3>
      <p>
        lorem ipsum
      </p>
    </div>
    <button
      className="List-add-button"
      type="button"
    >
      +Add More Stuff
    </button>
  </div>
</section>
`;
